stm32f4xx_hal_msp.c:66:6:HAL_MspInit	8	static
stm32f4xx_hal_msp.c:88:6:HAL_ADC_MspInit	40	static
stm32f4xx_hal_msp.c:124:6:HAL_ADC_MspDeInit	8	static
stm32f4xx_hal_msp.c:154:6:HAL_I2C_MspInit	48	static
stm32f4xx_hal_msp.c:195:6:HAL_I2C_MspDeInit	8	static
stm32f4xx_hal_msp.c:227:6:HAL_TIM_Base_MspInit	16	static
stm32f4xx_hal_msp.c:257:6:HAL_TIM_MspPostInit	32	static
stm32f4xx_hal_msp.c:289:6:HAL_TIM_Base_MspDeInit	0	static
stm32f4xx_hal_msp.c:325:6:HAL_UART_MspInit	48	static
stm32f4xx_hal_msp.c:364:6:HAL_UART_MspDeInit	8	static
